// Jest Snapshot v1, https://goo.gl/fbAQLP

exports[`renders a correct snapshot 1`] = `
<DocumentFragment>
  <section
    class="hero"
  >
    <h1>
      Eros Recommends
    </h1>
    <h4>
      Romance novels you'll love at first click.
    </h4>
  </section>
  <section
    class="rec-interaction"
  >
    <div
      class="hero-btns"
    >
      <button
        class="btn filter-btn"
      >
        <svg
          fill="currentColor"
          height="1em"
          stroke="currentColor"
          stroke-width="0"
          style="vertical-align: middle;"
          viewBox="0 0 512 512"
          width="1em"
          xmlns="http://www.w3.org/2000/svg"
        >
          <path
            d="M496 384H160v-16c0-8.8-7.2-16-16-16h-32c-8.8 0-16 7.2-16 16v16H16c-8.8 0-16 7.2-16 16v32c0 8.8 7.2 16 16 16h80v16c0 8.8 7.2 16 16 16h32c8.8 0 16-7.2 16-16v-16h336c8.8 0 16-7.2 16-16v-32c0-8.8-7.2-16-16-16zm0-160h-80v-16c0-8.8-7.2-16-16-16h-32c-8.8 0-16 7.2-16 16v16H16c-8.8 0-16 7.2-16 16v32c0 8.8 7.2 16 16 16h336v16c0 8.8 7.2 16 16 16h32c8.8 0 16-7.2 16-16v-16h80c8.8 0 16-7.2 16-16v-32c0-8.8-7.2-16-16-16zm0-160H288V48c0-8.8-7.2-16-16-16h-32c-8.8 0-16 7.2-16 16v16H16C7.2 64 0 71.2 0 80v32c0 8.8 7.2 16 16 16h208v16c0 8.8 7.2 16 16 16h32c8.8 0 16-7.2 16-16v-16h208c8.8 0 16-7.2 16-16V80c0-8.8-7.2-16-16-16z"
          />
        </svg>
      </button>
      <button
        class="btn random-btn"
        type="submit"
      >
        Tell me what to read
      </button>
    </div>
    <article
      class="book-results"
    />
  </section>
  <img
    alt="Eros"
    class="eros"
    src="/images/eros_hero.svg"
  />
</DocumentFragment>
`;
